// Jest Snapshot v1, https://goo.gl/fbAQLP

exports[`<Link /> renders children correctly 1`] = `
<a
  href="/internal-link"
  onClick={[Function]}
>
  Internal Link
</a>
`;
